

================================================================
== Synthesis Summary Report of 'tri2d'
================================================================
+ General Information: 
    * Date:           Sun Aug 24 02:40:53 2025
    * Version:        2022.2 (Build 3670227 on Oct 13 2022)
    * Project:        gongcheng4
    * Solution:       solution1 (Vivado IP Flow Target)
    * Product family: zynquplus
    * Target device:  xczu3eg-sfvc784-2-i
    

+ Performance & Resource Estimates: 
    
    PS: '+' for module; 'o' for loop; '*' for dataflow
    +---------------------------------------------------------+------+------+---------+-----------+----------+---------+-------+----------+-----------+-----------+-------------+-------------+-----+
    |                         Modules                         | Issue|      | Latency |  Latency  | Iteration|         |  Trip |          |           |           |             |             |     |
    |                         & Loops                         | Type | Slack| (cycles)|    (ns)   |  Latency | Interval| Count | Pipelined|   BRAM    |    DSP    |      FF     |     LUT     | URAM|
    +---------------------------------------------------------+------+------+---------+-----------+----------+---------+-------+----------+-----------+-----------+-------------+-------------+-----+
    |+ tri2d                                                  |     -|  0.22|        -|          -|         -|        -|      -|        no|  379 (87%)|  155 (43%)|  15277 (10%)|  41445 (58%)|    -|
    | + tri2d_Pipeline_VITIS_LOOP_890_1                       |     -|  0.76|        6|     60.000|         -|        6|      -|        no|          -|          -|    271 (~0%)|    1290 (1%)|    -|
    |  o VITIS_LOOP_890_1                                     |     -|  7.30|        4|     40.000|         3|        1|      3|       yes|          -|          -|            -|            -|    -|
    | + tri2d_Pipeline_VITIS_LOOP_909_2                       |     -|  0.76|     5003|  5.003e+04|         -|     5003|      -|        no|          -|          -|    304 (~0%)|    1325 (1%)|    -|
    |  o VITIS_LOOP_909_2                                     |     -|  7.30|     5001|  5.001e+04|         3|        1|   5000|       yes|          -|          -|            -|            -|    -|
    | + initEnhancedGrid                                      |     -|  0.28|     5011|  5.011e+04|         -|     5011|      -|        no|          -|    10 (2%)|    917 (~0%)|    4364 (6%)|    -|
    |  + initEnhancedGrid_Pipeline_VITIS_LOOP_162_1           |     -|  3.95|     5002|  5.002e+04|         -|     5002|      -|        no|          -|          -|    208 (~0%)|    494 (~0%)|    -|
    |   o VITIS_LOOP_162_1                                    |     -|  7.30|     5000|  5.000e+04|         2|        1|   5000|       yes|          -|          -|            -|            -|    -|
    |  + initEnhancedGrid_Pipeline_VITIS_LOOP_194_2           |     -|  5.06|     4098|  4.098e+04|         -|     4098|      -|        no|          -|          -|     15 (~0%)|     59 (~0%)|    -|
    |   o VITIS_LOOP_194_2                                    |     -|  7.30|     4096|  4.096e+04|         1|        1|   4096|       yes|          -|          -|            -|            -|    -|
    | + tri2d_Pipeline_VITIS_LOOP_959_3                       |     -|  0.24|     5026|  5.026e+04|         -|     5026|      -|        no|          -|    14 (3%)|    2828 (2%)|   9204 (13%)|    -|
    |  o VITIS_LOOP_959_3                                     |     -|  7.30|     5024|  5.024e+04|        26|        1|   5000|       yes|          -|          -|            -|            -|    -|
    |   + getHilbertCode                                      |    II|  0.24|       21|    210.000|         -|        1|      -|       yes|          -|    14 (3%)|    2464 (1%)|   8990 (12%)|    -|
    | + compactTriangleIndices                                |     -|  3.50|        -|          -|         -|        -|      -|        no|    12 (2%)|          -|    445 (~0%)|    1015 (1%)|    -|
    |  + compactTriangleIndices_Pipeline_VITIS_LOOP_466_1     |     -|  5.02|    12002|  1.200e+05|         -|    12002|      -|        no|          -|          -|     16 (~0%)|     60 (~0%)|    -|
    |   o VITIS_LOOP_466_1                                    |     -|  7.30|    12000|  1.200e+05|         1|        1|  12000|       yes|          -|          -|            -|            -|    -|
    |  + compactTriangleIndices_Pipeline_VITIS_LOOP_471_2     |     -|  4.83|    16385|  1.638e+05|         -|    16385|      -|        no|          -|          -|     45 (~0%)|    101 (~0%)|    -|
    |   o VITIS_LOOP_471_2                                    |     -|  7.30|    16383|  1.638e+05|         2|        1|  16383|       yes|          -|          -|            -|            -|    -|
    |  + compactTriangleIndices_Pipeline_VITIS_LOOP_479_3     |     -|  4.83|    32769|  3.277e+05|         -|    32769|      -|        no|          -|          -|     92 (~0%)|    206 (~0%)|    -|
    |   o VITIS_LOOP_479_3                                    |    II|  7.30|    32767|  3.277e+05|         3|        2|  16383|       yes|          -|          -|            -|            -|    -|
    |  + compactTriangleIndices_Pipeline_VITIS_LOOP_490_4     |     -|  3.50|    32771|  3.277e+05|         -|    32771|      -|        no|          -|          -|     71 (~0%)|    124 (~0%)|    -|
    |   o VITIS_LOOP_490_4                                    |     -|  7.30|    32769|  3.277e+05|         4|        1|  32767|       yes|          -|          -|            -|            -|    -|
    |  o VITIS_LOOP_502_5                                     |     -|  7.30|        -|          -|         -|        -|      -|        no|          -|          -|            -|            -|    -|
    |   + compactTriangleIndices_Pipeline_VITIS_LOOP_506_6    |     -|  3.79|        -|          -|         -|        -|      -|        no|          -|          -|    100 (~0%)|    239 (~0%)|    -|
    |    o VITIS_LOOP_506_6                                   |    II|  7.30|        -|          -|         3|        3|      -|       yes|          -|          -|            -|            -|    -|
    | + tri2d_Pipeline_VITIS_LOOP_1014_7                      |     -|  3.53|    24005|  2.400e+05|         -|    24005|      -|        no|          -|          -|    101 (~0%)|    222 (~0%)|    -|
    |  o VITIS_LOOP_1014_7                                    |    II|  7.30|    24003|  2.400e+05|         6|        2|  12000|       yes|          -|          -|            -|            -|    -|
    | + tri2d_Pipeline_VITIS_LOOP_1033_8                      |     -|  5.87|        -|          -|         -|        -|      -|        no|          -|          -|     35 (~0%)|    127 (~0%)|    -|
    |  o VITIS_LOOP_1033_8                                    |     -|  7.30|        -|          -|         2|        1|      -|       yes|          -|          -|            -|            -|    -|
    | o VITIS_LOOP_978_4                                      |     -|  7.30|        -|          -|         -|        -|      -|        no|          -|          -|            -|            -|    -|
    |  + tri2d_Pipeline_VITIS_LOOP_982_5                      |     -|  3.37|        -|          -|         -|        -|      -|        no|          -|          -|    269 (~0%)|    296 (~0%)|    -|
    |   o VITIS_LOOP_982_5                                    |    II|  7.30|        -|          -|         3|        2|      -|       yes|          -|          -|            -|            -|    -|
    | o VITIS_LOOP_991_6                                      |     -|  7.30|        -|          -|         -|        -|      -|        no|          -|          -|            -|            -|    -|
    |  + locateTriangleSimple                                 |     -|  0.49|        -|          -|         -|        -|      -|        no|          -|    26 (7%)|    2749 (1%)|   7729 (10%)|    -|
    |   + locateTriangleSimple_Pipeline_VITIS_LOOP_308_4      |     -|  0.63|        -|          -|         -|        -|      -|        no|          -|    12 (3%)|    498 (~0%)|    1373 (1%)|    -|
    |    o VITIS_LOOP_308_4                                   |    II|  7.30|        -|          -|         8|        8|      -|       yes|          -|          -|            -|            -|    -|
    |   o VITIS_LOOP_276_1_VITIS_LOOP_277_2                   |     -|  7.30|        -|          -|         -|        -|      -|        no|          -|          -|            -|            -|    -|
    |    + locateTriangleSimple_Pipeline_VITIS_LOOP_287_3     |     -|  0.63|        -|          -|         -|        -|      -|        no|          -|    12 (3%)|    552 (~0%)|    1448 (2%)|    -|
    |     o VITIS_LOOP_287_3                                  |    II|  7.30|        -|          -|         9|        9|      -|       yes|          -|          -|            -|            -|    -|
    |  + insertSiteEnhanced                                   |     -|  0.22|        -|          -|         -|        -|      -|        no|    13 (3%)|  105 (29%)|    6777 (4%)|  13420 (19%)|    -|
    |   + allocateHalfEdge                                    |     -|  5.06|        1|     10.000|         -|        1|      -|        no|          -|          -|     63 (~0%)|    157 (~0%)|    -|
    |   + assignTriangleToGrid                                |     -|  0.22|        -|          -|         -|        -|      -|        no|          -|    18 (5%)|    1591 (1%)|    2428 (3%)|    -|
    |    + assignTriangleToGrid_Pipeline_VITIS_LOOP_248_1     |     -|  4.83|        -|          -|         -|        -|      -|        no|          -|          -|     88 (~0%)|    145 (~0%)|    -|
    |     o VITIS_LOOP_248_1                                  |    II|  7.30|        -|          -|         3|        3|      -|       yes|          -|          -|            -|            -|    -|
    |   + legalizeEdge                                        |     -|  0.22|        -|          -|         -|        -|      -|        no|          -|   87 (24%)|    3445 (2%)|    6693 (9%)|    -|
    |    o VITIS_LOOP_547_1                                   |     -|  7.30|        -|          -|         -|        -|      -|        no|          -|          -|            -|            -|    -|
    |     + freeHalfEdge                                      |     -|  5.07|       14|    140.000|         -|       14|      -|        no|          -|          -|    159 (~0%)|    238 (~0%)|    -|
    |     + assignTriangleToGrid                              |     -|  0.22|        -|          -|         -|        -|      -|        no|          -|    18 (5%)|    1591 (1%)|    2428 (3%)|    -|
    |      + assignTriangleToGrid_Pipeline_VITIS_LOOP_248_1   |     -|  4.83|        -|          -|         -|        -|      -|        no|          -|          -|     88 (~0%)|    145 (~0%)|    -|
    |       o VITIS_LOOP_248_1                                |    II|  7.30|        -|          -|         3|        3|      -|       yes|          -|          -|            -|            -|    -|
    |   + compactTriangleIndices                              |     -|  3.50|        -|          -|         -|        -|      -|        no|    12 (2%)|          -|    445 (~0%)|    1015 (1%)|    -|
    |    + compactTriangleIndices_Pipeline_VITIS_LOOP_466_1   |     -|  5.02|    12002|  1.200e+05|         -|    12002|      -|        no|          -|          -|     16 (~0%)|     60 (~0%)|    -|
    |     o VITIS_LOOP_466_1                                  |     -|  7.30|    12000|  1.200e+05|         1|        1|  12000|       yes|          -|          -|            -|            -|    -|
    |    + compactTriangleIndices_Pipeline_VITIS_LOOP_471_2   |     -|  4.83|    16385|  1.638e+05|         -|    16385|      -|        no|          -|          -|     45 (~0%)|    101 (~0%)|    -|
    |     o VITIS_LOOP_471_2                                  |     -|  7.30|    16383|  1.638e+05|         2|        1|  16383|       yes|          -|          -|            -|            -|    -|
    |    + compactTriangleIndices_Pipeline_VITIS_LOOP_479_3   |     -|  4.83|    32769|  3.277e+05|         -|    32769|      -|        no|          -|          -|     92 (~0%)|    206 (~0%)|    -|
    |     o VITIS_LOOP_479_3                                  |    II|  7.30|    32767|  3.277e+05|         3|        2|  16383|       yes|          -|          -|            -|            -|    -|
    |    + compactTriangleIndices_Pipeline_VITIS_LOOP_490_4   |     -|  3.50|    32771|  3.277e+05|         -|    32771|      -|        no|          -|          -|     71 (~0%)|    124 (~0%)|    -|
    |     o VITIS_LOOP_490_4                                  |     -|  7.30|    32769|  3.277e+05|         4|        1|  32767|       yes|          -|          -|            -|            -|    -|
    |    o VITIS_LOOP_502_5                                   |     -|  7.30|        -|          -|         -|        -|      -|        no|          -|          -|            -|            -|    -|
    |     + compactTriangleIndices_Pipeline_VITIS_LOOP_506_6  |     -|  3.79|        -|          -|         -|        -|      -|        no|          -|          -|    100 (~0%)|    239 (~0%)|    -|
    |      o VITIS_LOOP_506_6                                 |    II|  7.30|        -|          -|         3|        3|      -|       yes|          -|          -|            -|            -|    -|
    +---------------------------------------------------------+------+------+---------+-----------+----------+---------+-------+----------+-----------+-----------+-------------+-------------+-----+


================================================================
== HW Interfaces
================================================================
* AXIS
+---------------+---------------+-------+-------+-----+-------+-------+--------+-------+-------+--------+
| Interface     | Register Mode | TDATA | TDEST | TID | TKEEP | TLAST | TREADY | TSTRB | TUSER | TVALID |
+---------------+---------------+-------+-------+-----+-------+-------+--------+-------+-------+--------+
| cl_out_stream | both          | 64    | 6     | 5   | 8     | 1     | 1      | 8     | 16    | 1      |
| x_in_stream   | both          | 64    | 6     | 5   | 8     | 1     | 1      | 8     | 16    | 1      |
+---------------+---------------+-------+-------+-----+-------+-------+--------+-------+-------+--------+

* TOP LEVEL CONTROL
+-----------+------------+-----------------------------------+
| Interface | Type       | Ports                             |
+-----------+------------+-----------------------------------+
| ap_clk    | clock      | ap_clk                            |
| ap_rst_n  | reset      | ap_rst_n                          |
| ap_ctrl   | ap_ctrl_hs | ap_done ap_idle ap_ready ap_start |
+-----------+------------+-----------------------------------+


================================================================
== SW I/O Information
================================================================
* Top Function Arguments
+---------------+-----------+---------------------------------------------+
| Argument      | Direction | Datatype                                    |
+---------------+-----------+---------------------------------------------+
| x_in_stream   | in        | stream<hls::axis<ap_int<64>, 16, 5, 6>, 0>& |
| cl_out_stream | out       | stream<hls::axis<ap_int<64>, 16, 5, 6>, 0>& |
+---------------+-----------+---------------------------------------------+

* SW-to-HW Mapping
+---------------+---------------+-----------+
| Argument      | HW Interface  | HW Type   |
+---------------+---------------+-----------+
| x_in_stream   | x_in_stream   | interface |
| cl_out_stream | cl_out_stream | interface |
+---------------+---------------+-----------+


================================================================
== M_AXI Burst Information
================================================================
 Note: All burst requests might be further partitioned into multiple requests during RTL generation based on max_read_burst_length or max_write_burst_length settings.

  No burst in design

================================================================
== Bind Op Report
================================================================
+---------------------------------------------------------------------------------------------------------------------+-----+--------+---------------------+------+---------+---------+
| Name                                                                                                                | DSP | Pragma | Variable            | Op   | Impl    | Latency |
+---------------------------------------------------------------------------------------------------------------------+-----+--------+---------------------+------+---------+---------+
| + tri2d                                                                                                             | 155 |        |                     |      |         |         |
|   add_ln978_fu_851_p2                                                                                               | -   |        | add_ln978           | add  | fabric  | 0       |
|   add_ln991_fu_899_p2                                                                                               | -   |        | add_ln991           | add  | fabric  | 0       |
|   sub231_fu_963_p2                                                                                                  | -   |        | sub231              | add  | fabric  | 0       |
|  + tri2d_Pipeline_VITIS_LOOP_890_1                                                                                  | 0   |        |                     |      |         |         |
|    add_ln890_fu_180_p2                                                                                              | -   |        | add_ln890           | add  | fabric  | 0       |
|    man_V_6_fu_327_p2                                                                                                | -   |        | man_V_6             | sub  | fabric  | 0       |
|    F2_fu_264_p2                                                                                                     | -   |        | F2                  | sub  | fabric  | 0       |
|    add_ln570_fu_345_p2                                                                                              | -   |        | add_ln570           | add  | fabric  | 0       |
|    sub_ln570_fu_350_p2                                                                                              | -   |        | sub_ln570           | sub  | fabric  | 0       |
|    man_V_9_fu_506_p2                                                                                                | -   |        | man_V_9             | sub  | fabric  | 0       |
|    F2_2_fu_310_p2                                                                                                   | -   |        | F2_2                | sub  | fabric  | 0       |
|    add_ln570_2_fu_524_p2                                                                                            | -   |        | add_ln570_2         | add  | fabric  | 0       |
|    sub_ln570_2_fu_529_p2                                                                                            | -   |        | sub_ln570_2         | sub  | fabric  | 0       |
|  + tri2d_Pipeline_VITIS_LOOP_909_2                                                                                  | 0   |        |                     |      |         |         |
|    add_ln909_fu_182_p2                                                                                              | -   |        | add_ln909           | add  | fabric  | 0       |
|    man_V_1_fu_335_p2                                                                                                | -   |        | man_V_1             | sub  | fabric  | 0       |
|    F2_fu_272_p2                                                                                                     | -   |        | F2                  | sub  | fabric  | 0       |
|    add_ln570_fu_353_p2                                                                                              | -   |        | add_ln570           | add  | fabric  | 0       |
|    sub_ln570_fu_358_p2                                                                                              | -   |        | sub_ln570           | sub  | fabric  | 0       |
|    add_ln922_fu_216_p2                                                                                              | -   |        | add_ln922           | add  | fabric  | 0       |
|    man_V_4_fu_514_p2                                                                                                | -   |        | man_V_4             | sub  | fabric  | 0       |
|    F2_1_fu_318_p2                                                                                                   | -   |        | F2_1                | sub  | fabric  | 0       |
|    add_ln570_1_fu_532_p2                                                                                            | -   |        | add_ln570_1         | add  | fabric  | 0       |
|    sub_ln570_1_fu_537_p2                                                                                            | -   |        | sub_ln570_1         | sub  | fabric  | 0       |
|  + initEnhancedGrid                                                                                                 | 10  |        |                     |      |         |         |
|    ret_V_fu_208_p2                                                                                                  | -   |        | ret_V               | sub  | fabric  | 0       |
|    mul_25s_26ns_51_1_1_U37                                                                                          | 2   |        | r_V_45              | mul  | auto    | 0       |
|    ret_V_60_fu_232_p2                                                                                               | -   |        | ret_V_60            | sub  | fabric  | 0       |
|    mul_25s_26ns_51_1_1_U38                                                                                          | 2   |        | r_V_47              | mul  | auto    | 0       |
|    rhs_fu_258_p2                                                                                                    | -   |        | rhs                 | sub  | fabric  | 0       |
|    rhs_3_fu_280_p2                                                                                                  | -   |        | rhs_3               | sub  | fabric  | 0       |
|    lhs_V_fu_292_p2                                                                                                  | -   |        | lhs_V               | add  | fabric  | 0       |
|    lhs_V_3_fu_304_p2                                                                                                | -   |        | lhs_V_3             | add  | fabric  | 0       |
|    ret_V_61_fu_324_p2                                                                                               | -   |        | ret_V_61            | sub  | fabric  | 0       |
|    tmp_V_fu_344_p2                                                                                                  | -   |        | tmp_V               | sub  | fabric  | 0       |
|    sub_ln1099_fu_419_p2                                                                                             | -   |        | sub_ln1099          | sub  | fabric  | 0       |
|    lsb_index_fu_429_p2                                                                                              | -   |        | lsb_index           | add  | fabric  | 0       |
|    sub_ln1102_fu_455_p2                                                                                             | -   |        | sub_ln1102          | sub  | fabric  | 0       |
|    add_ln1104_fu_503_p2                                                                                             | -   |        | add_ln1104          | add  | fabric  | 0       |
|    add_ln1113_fu_547_p2                                                                                             | -   |        | add_ln1113          | add  | fabric  | 0       |
|    m_8_fu_585_p2                                                                                                    | -   |        | m_8                 | add  | fabric  | 0       |
|    fmul_32ns_32ns_32_3_max_dsp_1_U33                                                                                | 3   |        | phitmp              | fmul | maxdsp  | 2       |
|    ret_V_62_fu_358_p2                                                                                               | -   |        | ret_V_62            | sub  | fabric  | 0       |
|    tmp_V_7_fu_378_p2                                                                                                | -   |        | tmp_V_7             | sub  | fabric  | 0       |
|    sub_ln1099_2_fu_695_p2                                                                                           | -   |        | sub_ln1099_2        | sub  | fabric  | 0       |
|    lsb_index_2_fu_705_p2                                                                                            | -   |        | lsb_index_2         | add  | fabric  | 0       |
|    sub_ln1102_2_fu_731_p2                                                                                           | -   |        | sub_ln1102_2        | sub  | fabric  | 0       |
|    add_ln1104_1_fu_779_p2                                                                                           | -   |        | add_ln1104_1        | add  | fabric  | 0       |
|    add_ln1113_1_fu_823_p2                                                                                           | -   |        | add_ln1113_1        | add  | fabric  | 0       |
|    m_11_fu_861_p2                                                                                                   | -   |        | m_11                | add  | fabric  | 0       |
|    fmul_32ns_32ns_32_3_max_dsp_1_U34                                                                                | 3   |        | phitmp1             | fmul | maxdsp  | 2       |
|    man_V_11_fu_1062_p2                                                                                              | -   |        | man_V_11            | sub  | fabric  | 0       |
|    F2_fu_1075_p2                                                                                                    | -   |        | F2                  | sub  | fabric  | 0       |
|    add_ln570_fu_1087_p2                                                                                             | -   |        | add_ln570           | add  | fabric  | 0       |
|    sub_ln570_fu_1093_p2                                                                                             | -   |        | sub_ln570           | sub  | fabric  | 0       |
|    man_V_14_fu_1263_p2                                                                                              | -   |        | man_V_14            | sub  | fabric  | 0       |
|    F2_3_fu_1276_p2                                                                                                  | -   |        | F2_3                | sub  | fabric  | 0       |
|    add_ln570_3_fu_1288_p2                                                                                           | -   |        | add_ln570_3         | add  | fabric  | 0       |
|    sub_ln570_3_fu_1294_p2                                                                                           | -   |        | sub_ln570_3         | sub  | fabric  | 0       |
|   + initEnhancedGrid_Pipeline_VITIS_LOOP_162_1                                                                      | 0   |        |                     |      |         |         |
|     add_ln162_fu_208_p2                                                                                             | -   |        | add_ln162           | add  | fabric  | 0       |
|   + initEnhancedGrid_Pipeline_VITIS_LOOP_194_2                                                                      | 0   |        |                     |      |         |         |
|     add_ln194_fu_60_p2                                                                                              | -   |        | add_ln194           | add  | fabric  | 0       |
|  + tri2d_Pipeline_VITIS_LOOP_959_3                                                                                  | 14  |        |                     |      |         |         |
|    valid_point_count_1_fu_211_p2                                                                                    | -   |        | valid_point_count_1 | add  | fabric  | 0       |
|    i_fu_192_p2                                                                                                      | -   |        | i                   | add  | fabric  | 0       |
|   + getHilbertCode                                                                                                  | 14  |        |                     |      |         |         |
|     tmp_V_fu_234_p2                                                                                                 | -   |        | tmp_V               | sub  | fabric  | 0       |
|     sub_ln1099_fu_350_p2                                                                                            | -   |        | sub_ln1099          | sub  | fabric  | 0       |
|     lsb_index_fu_360_p2                                                                                             | -   |        | lsb_index           | add  | fabric  | 0       |
|     sub_ln1102_fu_386_p2                                                                                            | -   |        | sub_ln1102          | sub  | fabric  | 0       |
|     add_ln1104_fu_434_p2                                                                                            | -   |        | add_ln1104          | add  | fabric  | 0       |
|     add_ln1113_fu_478_p2                                                                                            | -   |        | add_ln1113          | add  | fabric  | 0       |
|     sub_ln1114_fu_494_p2                                                                                            | -   |        | sub_ln1114          | sub  | fabric  | 0       |
|     m_17_fu_522_p2                                                                                                  | -   |        | m_17                | add  | fabric  | 0       |
|     tmp_V_12_fu_248_p2                                                                                              | -   |        | tmp_V_12            | sub  | fabric  | 0       |
|     sub_ln1099_3_fu_649_p2                                                                                          | -   |        | sub_ln1099_3        | sub  | fabric  | 0       |
|     lsb_index_3_fu_659_p2                                                                                           | -   |        | lsb_index_3         | add  | fabric  | 0       |
|     sub_ln1102_3_fu_685_p2                                                                                          | -   |        | sub_ln1102_3        | sub  | fabric  | 0       |
|     add_ln1104_2_fu_733_p2                                                                                          | -   |        | add_ln1104_2        | add  | fabric  | 0       |
|     add_ln1113_2_fu_777_p2                                                                                          | -   |        | add_ln1113_2        | add  | fabric  | 0       |
|     sub_ln1114_1_fu_793_p2                                                                                          | -   |        | sub_ln1114_1        | sub  | fabric  | 0       |
|     m_20_fu_821_p2                                                                                                  | -   |        | m_20                | add  | fabric  | 0       |
|     tmp_V_14_fu_262_p2                                                                                              | -   |        | tmp_V_14            | sub  | fabric  | 0       |
|     sub_ln1099_4_fu_948_p2                                                                                          | -   |        | sub_ln1099_4        | sub  | fabric  | 0       |
|     lsb_index_4_fu_958_p2                                                                                           | -   |        | lsb_index_4         | add  | fabric  | 0       |
|     sub_ln1102_4_fu_984_p2                                                                                          | -   |        | sub_ln1102_4        | sub  | fabric  | 0       |
|     add_ln1104_3_fu_1032_p2                                                                                         | -   |        | add_ln1104_3        | add  | fabric  | 0       |
|     add_ln1113_3_fu_1076_p2                                                                                         | -   |        | add_ln1113_3        | add  | fabric  | 0       |
|     sub_ln1114_2_fu_1092_p2                                                                                         | -   |        | sub_ln1114_2        | sub  | fabric  | 0       |
|     m_25_fu_1120_p2                                                                                                 | -   |        | m_25                | add  | fabric  | 0       |
|     tmp_V_16_fu_276_p2                                                                                              | -   |        | tmp_V_16            | sub  | fabric  | 0       |
|     sub_ln1099_5_fu_1247_p2                                                                                         | -   |        | sub_ln1099_5        | sub  | fabric  | 0       |
|     lsb_index_5_fu_1257_p2                                                                                          | -   |        | lsb_index_5         | add  | fabric  | 0       |
|     sub_ln1102_5_fu_1283_p2                                                                                         | -   |        | sub_ln1102_5        | sub  | fabric  | 0       |
|     add_ln1104_4_fu_1331_p2                                                                                         | -   |        | add_ln1104_4        | add  | fabric  | 0       |
|     add_ln1113_4_fu_1375_p2                                                                                         | -   |        | add_ln1113_4        | add  | fabric  | 0       |
|     sub_ln1114_3_fu_1391_p2                                                                                         | -   |        | sub_ln1114_3        | sub  | fabric  | 0       |
|     m_29_fu_1419_p2                                                                                                 | -   |        | m_29                | add  | fabric  | 0       |
|     tmp_V_18_fu_290_p2                                                                                              | -   |        | tmp_V_18            | sub  | fabric  | 0       |
|     sub_ln1099_6_fu_1546_p2                                                                                         | -   |        | sub_ln1099_6        | sub  | fabric  | 0       |
|     lsb_index_6_fu_1556_p2                                                                                          | -   |        | lsb_index_6         | add  | fabric  | 0       |
|     sub_ln1102_6_fu_1582_p2                                                                                         | -   |        | sub_ln1102_6        | sub  | fabric  | 0       |
|     add_ln1104_5_fu_1630_p2                                                                                         | -   |        | add_ln1104_5        | add  | fabric  | 0       |
|     add_ln1113_5_fu_1674_p2                                                                                         | -   |        | add_ln1113_5        | add  | fabric  | 0       |
|     sub_ln1114_4_fu_1690_p2                                                                                         | -   |        | sub_ln1114_4        | sub  | fabric  | 0       |
|     m_33_fu_1718_p2                                                                                                 | -   |        | m_33                | add  | fabric  | 0       |
|     tmp_V_20_fu_304_p2                                                                                              | -   |        | tmp_V_20            | sub  | fabric  | 0       |
|     sub_ln1099_7_fu_1845_p2                                                                                         | -   |        | sub_ln1099_7        | sub  | fabric  | 0       |
|     lsb_index_7_fu_1855_p2                                                                                          | -   |        | lsb_index_7         | add  | fabric  | 0       |
|     sub_ln1102_7_fu_1881_p2                                                                                         | -   |        | sub_ln1102_7        | sub  | fabric  | 0       |
|     add_ln1104_6_fu_1929_p2                                                                                         | -   |        | add_ln1104_6        | add  | fabric  | 0       |
|     add_ln1113_6_fu_1973_p2                                                                                         | -   |        | add_ln1113_6        | add  | fabric  | 0       |
|     sub_ln1114_5_fu_1989_p2                                                                                         | -   |        | sub_ln1114_5        | sub  | fabric  | 0       |
|     m_37_fu_2017_p2                                                                                                 | -   |        | m_37                | add  | fabric  | 0       |
|     fsub_32ns_32ns_32_4_full_dsp_1_U54                                                                              | 2   |        | sub                 | fsub | fulldsp | 3       |
|     fsub_32ns_32ns_32_4_full_dsp_1_U55                                                                              | 2   |        | sub6                | fsub | fulldsp | 3       |
|     fdiv_32ns_32ns_32_9_no_dsp_1_U60                                                                                | -   |        | div                 | fdiv | fabric  | 8       |
|     fsub_32ns_32ns_32_4_full_dsp_1_U56                                                                              | 2   |        | sub7                | fsub | fulldsp | 3       |
|     fsub_32ns_32ns_32_4_full_dsp_1_U57                                                                              | 2   |        | sub8                | fsub | fulldsp | 3       |
|     fdiv_32ns_32ns_32_9_no_dsp_1_U61                                                                                | -   |        | div9                | fdiv | fabric  | 8       |
|     fmul_32ns_32ns_32_3_max_dsp_1_x_U58                                                                             | 3   |        | retval_0_i1248_op   | fmul | maxdsp  | 2       |
|     add_ln346_fu_2327_p2                                                                                            | -   |        | add_ln346           | add  | fabric  | 0       |
|     sub_ln1512_fu_2341_p2                                                                                           | -   |        | sub_ln1512          | sub  | fabric  | 0       |
|     result_V_11_fu_2409_p2                                                                                          | -   |        | result_V_11         | sub  | fabric  | 0       |
|     fmul_32ns_32ns_32_3_max_dsp_1_x_U59                                                                             | 3   |        | retval_0_i1650_op   | fmul | maxdsp  | 2       |
|     add_ln346_2_fu_2478_p2                                                                                          | -   |        | add_ln346_2         | add  | fabric  | 0       |
|     sub_ln1512_2_fu_2492_p2                                                                                         | -   |        | sub_ln1512_2        | sub  | fabric  | 0       |
|     result_V_14_fu_2560_p2                                                                                          | -   |        | result_V_14         | sub  | fabric  | 0       |
|     sub_ln100_fu_2578_p2                                                                                            | -   |        | sub_ln100           | sub  | fabric  | 0       |
|     sub_ln101_fu_2584_p2                                                                                            | -   |        | sub_ln101           | sub  | fabric  | 0       |
|     sub_ln100_1_fu_2688_p2                                                                                          | -   |        | sub_ln100_1         | sub  | fabric  | 0       |
|     sub_ln101_1_fu_2693_p2                                                                                          | -   |        | sub_ln101_1         | sub  | fabric  | 0       |
|     sub_ln100_2_fu_2772_p2                                                                                          | -   |        | sub_ln100_2         | sub  | fabric  | 0       |
|     sub_ln101_2_fu_2778_p2                                                                                          | -   |        | sub_ln101_2         | sub  | fabric  | 0       |
|     sub_ln100_3_fu_2866_p2                                                                                          | -   |        | sub_ln100_3         | sub  | fabric  | 0       |
|     sub_ln101_3_fu_2872_p2                                                                                          | -   |        | sub_ln101_3         | sub  | fabric  | 0       |
|     sub_ln100_4_fu_2960_p2                                                                                          | -   |        | sub_ln100_4         | sub  | fabric  | 0       |
|     sub_ln101_4_fu_2966_p2                                                                                          | -   |        | sub_ln101_4         | sub  | fabric  | 0       |
|     sub_ln100_5_fu_3054_p2                                                                                          | -   |        | sub_ln100_5         | sub  | fabric  | 0       |
|     sub_ln101_5_fu_3060_p2                                                                                          | -   |        | sub_ln101_5         | sub  | fabric  | 0       |
|     sub_ln100_6_fu_3148_p2                                                                                          | -   |        | sub_ln100_6         | sub  | fabric  | 0       |
|     sub_ln101_6_fu_3154_p2                                                                                          | -   |        | sub_ln101_6         | sub  | fabric  | 0       |
|  + tri2d_Pipeline_VITIS_LOOP_982_5                                                                                  | 0   |        |                     |      |         |         |
|    add_ln984_fu_162_p2                                                                                              | -   |        | add_ln984           | add  | fabric  | 0       |
|  + compactTriangleIndices (grp_compactTriangleIndices_fu_609)                                                       | 0   |        |                     |      |         |         |
|    add_ln502_1_fu_171_p2                                                                                            | -   |        | add_ln502_1         | add  | fabric  | 0       |
|    add_ln502_fu_182_p2                                                                                              | -   |        | add_ln502           | add  | fabric  | 0       |
|    + compactTriangleIndices_Pipeline_VITIS_LOOP_466_1 (grp_compactTriangleIndices_Pipeline_VITIS_LOOP_466_1_fu_83)  | 0   |        |                     |      |         |         |
|      add_ln840_fu_62_p2                                                                                             | -   |        | add_ln840           | add  | fabric  | 0       |
|    + compactTriangleIndices_Pipeline_VITIS_LOOP_471_2 (grp_compactTriangleIndices_Pipeline_VITIS_LOOP_471_2_fu_89)  | 0   |        |                     |      |         |         |
|      add_ln840_fu_102_p2                                                                                            | -   |        | add_ln840           | add  | fabric  | 0       |
|      new_tri_count_V_1_fu_122_p2                                                                                    | -   |        | new_tri_count_V_1   | add  | fabric  | 0       |
|    + compactTriangleIndices_Pipeline_VITIS_LOOP_479_3 (grp_compactTriangleIndices_Pipeline_VITIS_LOOP_479_3_fu_98)  | 0   |        |                     |      |         |         |
|      add_ln840_fu_166_p2                                                                                            | -   |        | add_ln840           | add  | fabric  | 0       |
|      write_ptr_V_3_fu_195_p2                                                                                        | -   |        | write_ptr_V_3       | add  | fabric  | 0       |
|    + compactTriangleIndices_Pipeline_VITIS_LOOP_490_4 (grp_compactTriangleIndices_Pipeline_VITIS_LOOP_490_4_fu_111) | 0   |        |                     |      |         |         |
|      add_ln840_fu_113_p2                                                                                            | -   |        | add_ln840           | add  | fabric  | 0       |
|    + compactTriangleIndices_Pipeline_VITIS_LOOP_506_6 (grp_compactTriangleIndices_Pipeline_VITIS_LOOP_506_6_fu_122) | 0   |        |                     |      |         |         |
|      add_ln506_fu_133_p2                                                                                            | -   |        | add_ln506           | add  | fabric  | 0       |
|      add_ln507_fu_143_p2                                                                                            | -   |        | add_ln507           | add  | fabric  | 0       |
|      write_pos_1_fu_173_p2                                                                                          | -   |        | write_pos_1         | add  | fabric  | 0       |
|      add_ln510_fu_183_p2                                                                                            | -   |        | add_ln510           | add  | fabric  | 0       |
|  + locateTriangleSimple                                                                                             | 26  |        |                     |      |         |         |
|    add_ln268_fu_1051_p2                                                                                             | -   |        | add_ln268           | add  | fabric  | 0       |
|    ret_V_fu_310_p2                                                                                                  | -   |        | ret_V               | sub  | fabric  | 0       |
|    tmp_V_fu_411_p2                                                                                                  | -   |        | tmp_V               | sub  | fabric  | 0       |
|    sub_ln1099_fu_459_p2                                                                                             | -   |        | sub_ln1099          | sub  | fabric  | 0       |
|    lsb_index_fu_465_p2                                                                                              | -   |        | lsb_index           | add  | fabric  | 0       |
|    sub_ln1102_fu_491_p2                                                                                             | -   |        | sub_ln1102          | sub  | fabric  | 0       |
|    add_ln1109_fu_761_p2                                                                                             | -   |        | add_ln1109          | add  | fabric  | 0       |
|    sub_ln1110_fu_775_p2                                                                                             | -   |        | sub_ln1110          | sub  | fabric  | 0       |
|    m_1_fu_803_p2                                                                                                    | -   |        | m_1                 | add  | fabric  | 0       |
|    add_ln346_fu_1077_p2                                                                                             | -   |        | add_ln346           | add  | fabric  | 0       |
|    sub_ln1512_fu_1091_p2                                                                                            | -   |        | sub_ln1512          | sub  | fabric  | 0       |
|    result_V_2_fu_1158_p2                                                                                            | -   |        | result_V_2          | sub  | fabric  | 0       |
|    add_ln270_fu_1215_p2                                                                                             | -   |        | add_ln270           | add  | fabric  | 0       |
|    ret_V_37_fu_350_p2                                                                                               | -   |        | ret_V_37            | sub  | fabric  | 0       |
|    tmp_V_2_fu_595_p2                                                                                                | -   |        | tmp_V_2             | sub  | fabric  | 0       |
|    sub_ln1099_1_fu_643_p2                                                                                           | -   |        | sub_ln1099_1        | sub  | fabric  | 0       |
|    lsb_index_1_fu_649_p2                                                                                            | -   |        | lsb_index_1         | add  | fabric  | 0       |
|    sub_ln1102_1_fu_675_p2                                                                                           | -   |        | sub_ln1102_1        | sub  | fabric  | 0       |
|    add_ln1109_1_fu_902_p2                                                                                           | -   |        | add_ln1109_1        | add  | fabric  | 0       |
|    sub_ln1110_1_fu_916_p2                                                                                           | -   |        | sub_ln1110_1        | sub  | fabric  | 0       |
|    m_4_fu_944_p2                                                                                                    | -   |        | m_4                 | add  | fabric  | 0       |
|    add_ln346_1_fu_1241_p2                                                                                           | -   |        | add_ln346_1         | add  | fabric  | 0       |
|    sub_ln1512_1_fu_1255_p2                                                                                          | -   |        | sub_ln1512_1        | sub  | fabric  | 0       |
|    result_V_6_fu_1322_p2                                                                                            | -   |        | result_V_6          | sub  | fabric  | 0       |
|    p_cast_fu_1393_p2                                                                                                | -   |        | p_cast              | add  | fabric  | 0       |
|    add_ln276_1_fu_1409_p2                                                                                           | -   |        | add_ln276_1         | add  | fabric  | 0       |
|    add_ln276_fu_1418_p2                                                                                             | -   |        | add_ln276           | add  | fabric  | 0       |
|    p_cast_mid1_fu_1442_p2                                                                                           | -   |        | p_cast_mid1         | add  | fabric  | 0       |
|    add_ln281_fu_1484_p2                                                                                             | -   |        | add_ln281           | add  | fabric  | 0       |
|    mac_muladd_9s_7ns_9s_12_4_1_U131                                                                                 | 1   |        | mul_ln284           | mul  | dsp48   | 3       |
|    mac_muladd_9s_7ns_9s_12_4_1_U131                                                                                 | 1   |        | add_ln284           | add  | dsp48   | 3       |
|    mul_mul_12ns_5ns_17_4_1_U132                                                                                     | 1   |        | mul_ln288           | mul  | dsp48   | 3       |
|    add_ln277_fu_1554_p2                                                                                             | -   |        | add_ln277           | add  | fabric  | 0       |
|   + locateTriangleSimple_Pipeline_VITIS_LOOP_308_4                                                                  | 12  |        |                     |      |         |         |
|     tri_V_fu_287_p2                                                                                                 | -   |        | tri_V               | add  | fabric  | 0       |
|     ret_V_13_fu_371_p2                                                                                              | -   |        | ret_V_13            | sub  | fabric  | 0       |
|     ret_V_1_fu_380_p2                                                                                               | -   |        | ret_V_1             | sub  | fabric  | 0       |
|     mul_25s_25s_46_1_1_U112                                                                                         | 2   |        | mul_ln1348          | mul  | auto    | 0       |
|     ret_V_14_fu_403_p2                                                                                              | -   |        | ret_V_14            | sub  | fabric  | 0       |
|     ret_V_2_fu_409_p2                                                                                               | -   |        | ret_V_2             | sub  | fabric  | 0       |
|     mul_25s_25s_46_1_1_U113                                                                                         | 2   |        | mul_ln1348_1        | mul  | auto    | 0       |
|     ret_V_fu_428_p2                                                                                                 | -   |        | ret_V               | sub  | fabric  | 0       |
|     ret_V_15_fu_462_p2                                                                                              | -   |        | ret_V_15            | sub  | fabric  | 0       |
|     ret_V_4_fu_467_p2                                                                                               | -   |        | ret_V_4             | sub  | fabric  | 0       |
|     mul_25s_25s_46_1_1_U114                                                                                         | 2   |        | mul_ln1348_2        | mul  | auto    | 0       |
|     ret_V_16_fu_489_p2                                                                                              | -   |        | ret_V_16            | sub  | fabric  | 0       |
|     ret_V_6_fu_494_p2                                                                                               | -   |        | ret_V_6             | sub  | fabric  | 0       |
|     mul_25s_25s_46_1_1_U115                                                                                         | 2   |        | mul_ln1348_3        | mul  | auto    | 0       |
|     ret_V_7_fu_512_p2                                                                                               | -   |        | ret_V_7             | sub  | fabric  | 0       |
|     ret_V_17_fu_528_p2                                                                                              | -   |        | ret_V_17            | sub  | fabric  | 0       |
|     ret_V_9_fu_533_p2                                                                                               | -   |        | ret_V_9             | sub  | fabric  | 0       |
|     mul_25s_25s_46_1_1_U116                                                                                         | 2   |        | mul_ln813           | mul  | auto    | 0       |
|     ret_V_18_fu_538_p2                                                                                              | -   |        | ret_V_18            | sub  | fabric  | 0       |
|     ret_V_11_fu_543_p2                                                                                              | -   |        | ret_V_11            | sub  | fabric  | 0       |
|     mul_25s_25s_46_1_1_U117                                                                                         | 2   |        | mul_ln1348_4        | mul  | auto    | 0       |
|     ret_V_12_fu_575_p2                                                                                              | -   |        | ret_V_12            | sub  | fabric  | 0       |
|   + locateTriangleSimple_Pipeline_VITIS_LOOP_287_3                                                                  | 12  |        |                     |      |         |         |
|     add_ln287_fu_331_p2                                                                                             | -   |        | add_ln287           | add  | fabric  | 0       |
|     add_ln288_fu_341_p2                                                                                             | -   |        | add_ln288           | add  | fabric  | 0       |
|     ret_V_31_fu_432_p2                                                                                              | -   |        | ret_V_31            | sub  | fabric  | 0       |
|     ret_V_19_fu_441_p2                                                                                              | -   |        | ret_V_19            | sub  | fabric  | 0       |
|     mul_25s_25s_46_1_1_U91                                                                                          | 2   |        | mul_ln1348          | mul  | auto    | 0       |
|     ret_V_32_fu_464_p2                                                                                              | -   |        | ret_V_32            | sub  | fabric  | 0       |
|     ret_V_20_fu_470_p2                                                                                              | -   |        | ret_V_20            | sub  | fabric  | 0       |
|     mul_25s_25s_46_1_1_U92                                                                                          | 2   |        | mul_ln1348_5        | mul  | auto    | 0       |
|     ret_V_fu_489_p2                                                                                                 | -   |        | ret_V               | sub  | fabric  | 0       |
|     ret_V_33_fu_523_p2                                                                                              | -   |        | ret_V_33            | sub  | fabric  | 0       |
|     ret_V_22_fu_528_p2                                                                                              | -   |        | ret_V_22            | sub  | fabric  | 0       |
|     mul_25s_25s_46_1_1_U93                                                                                          | 2   |        | mul_ln1348_6        | mul  | auto    | 0       |
|     ret_V_34_fu_550_p2                                                                                              | -   |        | ret_V_34            | sub  | fabric  | 0       |
|     ret_V_24_fu_555_p2                                                                                              | -   |        | ret_V_24            | sub  | fabric  | 0       |
|     mul_25s_25s_46_1_1_U94                                                                                          | 2   |        | mul_ln1348_7        | mul  | auto    | 0       |
|     ret_V_25_fu_573_p2                                                                                              | -   |        | ret_V_25            | sub  | fabric  | 0       |
|     ret_V_35_fu_589_p2                                                                                              | -   |        | ret_V_35            | sub  | fabric  | 0       |
|     ret_V_27_fu_594_p2                                                                                              | -   |        | ret_V_27            | sub  | fabric  | 0       |
|     mul_25s_25s_46_1_1_U95                                                                                          | 2   |        | mul_ln813           | mul  | auto    | 0       |
|     ret_V_36_fu_599_p2                                                                                              | -   |        | ret_V_36            | sub  | fabric  | 0       |
|     ret_V_29_fu_604_p2                                                                                              | -   |        | ret_V_29            | sub  | fabric  | 0       |
|     mul_25s_25s_46_1_1_U96                                                                                          | 2   |        | mul_ln1348_8        | mul  | auto    | 0       |
|     ret_V_30_fu_633_p2                                                                                              | -   |        | ret_V_30            | sub  | fabric  | 0       |
|  + insertSiteEnhanced                                                                                               | 105 |        |                     |      |         |         |
|    add_ln690_fu_1034_p2                                                                                             | -   |        | add_ln690           | add  | fabric  | 0       |
|    add_ln710_fu_1081_p2                                                                                             | -   |        | add_ln710           | add  | fabric  | 0       |
|    grp_fu_1122_p0                                                                                                   | -   |        | add_ln455           | add  | fabric  | 0       |
|    add_ln452_fu_1175_p2                                                                                             | -   |        | add_ln452           | add  | fabric  | 0       |
|    grp_fu_1164_p0                                                                                                   | -   |        | add_ln455_1         | add  | fabric  | 0       |
|    add_ln452_1_fu_1240_p2                                                                                           | -   |        | add_ln452_1         | add  | fabric  | 0       |
|    grp_fu_1217_p0                                                                                                   | -   |        | add_ln455_2         | add  | fabric  | 0       |
|    add_ln452_2_fu_1223_p2                                                                                           | -   |        | add_ln452_2         | add  | fabric  | 0       |
|    grp_fu_1012_p2                                                                                                   | -   |        | add_ln840           | add  | fabric  | 0       |
|    grp_fu_1012_p2                                                                                                   | -   |        | add_ln840_7         | add  | fabric  | 0       |
|    grp_fu_1012_p2                                                                                                   | -   |        | add_ln840_8         | add  | fabric  | 0       |
|    add_ln859_fu_1388_p2                                                                                             | -   |        | add_ln859           | add  | fabric  | 0       |
|   + allocateHalfEdge                                                                                                | 0   |        |                     |      |         |         |
|     add_ln840_fu_70_p2                                                                                              | -   |        | add_ln840           | add  | fabric  | 0       |
|     add_ln444_fu_76_p2                                                                                              | -   |        | add_ln444           | add  | fabric  | 0       |
|   + assignTriangleToGrid (grp_assignTriangleToGrid_fu_873)                                                          | 18  |        |                     |      |         |         |
|     ret_V_74_fu_366_p2                                                                                              | -   |        | ret_V_74            | add  | fabric  | 0       |
|     ret_V_fu_407_p2                                                                                                 | -   |        | ret_V               | add  | fabric  | 0       |
|     mul_46s_48ns_93_1_1_U162                                                                                        | 8   |        | mul_ln1303          | mul  | auto    | 0       |
|     sub_ln1303_fu_487_p2                                                                                            | -   |        | sub_ln1303          | sub  | fabric  | 0       |
|     sub_ln1303_1_fu_520_p2                                                                                          | -   |        | sub_ln1303_1        | sub  | fabric  | 0       |
|     ret_V_75_fu_380_p2                                                                                              | -   |        | ret_V_75            | add  | fabric  | 0       |
|     ret_V_65_fu_428_p2                                                                                              | -   |        | ret_V_65            | add  | fabric  | 0       |
|     mul_46s_48ns_93_1_1_U161                                                                                        | 8   |        | mul_ln1303_1        | mul  | auto    | 0       |
|     sub_ln1303_2_fu_533_p2                                                                                          | -   |        | sub_ln1303_2        | sub  | fabric  | 0       |
|     sub_ln1303_3_fu_554_p2                                                                                          | -   |        | sub_ln1303_3        | sub  | fabric  | 0       |
|     add_ln143_fu_772_p2                                                                                             | -   |        | add_ln143           | add  | fabric  | 0       |
|     ret_V_66_fu_578_p2                                                                                              | -   |        | ret_V_66            | sub  | fabric  | 0       |
|     ret_V_68_fu_818_p2                                                                                              | -   |        | ret_V_68            | add  | fabric  | 0       |
|     add_ln145_fu_661_p2                                                                                             | -   |        | add_ln145           | add  | fabric  | 0       |
|     ret_V_70_fu_596_p2                                                                                              | -   |        | ret_V_70            | sub  | fabric  | 0       |
|     ret_V_72_fu_707_p2                                                                                              | -   |        | ret_V_72            | add  | fabric  | 0       |
|     mac_muladd_7ns_7ns_7ns_14_4_1_U165                                                                              | 1   |        | mul_ln149           | mul  | dsp48   | 3       |
|     mac_muladd_7ns_7ns_7ns_14_4_1_U165                                                                              | 1   |        | grid_idx            | add  | dsp48   | 3       |
|     mul_mul_14ns_5ns_17_4_1_U166                                                                                    | 1   |        | mul_ln241           | mul  | dsp48   | 3       |
|     add_ln242_fu_914_p2                                                                                             | -   |        | add_ln242           | add  | fabric  | 0       |
|     enhanced_grid_flat_cells_triangle_count_d0                                                                      | -   |        | add_ln243           | add  | fabric  | 0       |
|     + assignTriangleToGrid_Pipeline_VITIS_LOOP_248_1 (grp_assignTriangleToGrid_Pipeline_VITIS_LOOP_248_1_fu_269)    | 0   |        |                     |      |         |         |
|       add_ln248_fu_114_p2                                                                                           | -   |        | add_ln248           | add  | fabric  | 0       |
|       add_ln249_fu_124_p2                                                                                           | -   |        | add_ln249           | add  | fabric  | 0       |
|   + legalizeEdge                                                                                                    | 87  |        |                     |      |         |         |
|     stackSize_6_fu_1269_p2                                                                                          | -   |        | stackSize_6         | add  | fabric  | 0       |
|     add_ln341_fu_1333_p2                                                                                            | -   |        | add_ln341           | add  | fabric  | 0       |
|     ret_V_51_fu_1463_p2                                                                                             | -   |        | ret_V_51            | sub  | fabric  | 0       |
|     ret_V_52_fu_1485_p2                                                                                             | -   |        | ret_V_52            | sub  | fabric  | 0       |
|     ret_V_53_fu_1503_p2                                                                                             | -   |        | ret_V_53            | sub  | fabric  | 0       |
|     ret_V_54_fu_1521_p2                                                                                             | -   |        | ret_V_54            | sub  | fabric  | 0       |
|     ret_V_55_fu_1539_p2                                                                                             | -   |        | ret_V_55            | sub  | fabric  | 0       |
|     ret_V_56_fu_1557_p2                                                                                             | -   |        | ret_V_56            | sub  | fabric  | 0       |
|     mul_32s_32s_63_1_1_U193                                                                                         | 3   |        | r_V_19              | mul  | auto    | 0       |
|     mul_32s_32s_63_1_1_U194                                                                                         | 3   |        | r_V_21              | mul  | auto    | 0       |
|     mul_32s_32s_63_1_1_U195                                                                                         | 3   |        | r_V_23              | mul  | auto    | 0       |
|     mul_32s_32s_63_1_1_U196                                                                                         | 3   |        | r_V_25              | mul  | auto    | 0       |
|     mul_32s_32s_63_1_1_U197                                                                                         | 3   |        | r_V_27              | mul  | auto    | 0       |
|     mul_32s_32s_63_1_1_U198                                                                                         | 3   |        | r_V_29              | mul  | auto    | 0       |
|     ret_V_57_fu_1699_p2                                                                                             | -   |        | ret_V_57            | add  | fabric  | 0       |
|     mul_32s_32s_63_1_1_U199                                                                                         | 3   |        | r_V                 | mul  | auto    | 0       |
|     mul_32s_32s_63_1_1_U200                                                                                         | 3   |        | r_V_40              | mul  | auto    | 0       |
|     ret_V_45_fu_1725_p2                                                                                             | -   |        | ret_V_45            | sub  | fabric  | 0       |
|     mul_64s_48s_102_1_1_U205                                                                                        | 11  |        | r_V_31              | mul  | auto    | 0       |
|     ret_V_58_fu_1739_p2                                                                                             | -   |        | ret_V_58            | add  | fabric  | 0       |
|     mul_32s_32s_63_1_1_U201                                                                                         | 3   |        | r_V_41              | mul  | auto    | 0       |
|     mul_32s_32s_63_1_1_U202                                                                                         | 3   |        | r_V_42              | mul  | auto    | 0       |
|     ret_V_47_fu_1765_p2                                                                                             | -   |        | ret_V_47            | sub  | fabric  | 0       |
|     mul_64s_48s_102_1_1_U206                                                                                        | 11  |        | r_V_35              | mul  | auto    | 0       |
|     ret_V_59_fu_1779_p2                                                                                             | -   |        | ret_V_59            | add  | fabric  | 0       |
|     mul_32s_32s_63_1_1_U203                                                                                         | 3   |        | r_V_43              | mul  | auto    | 0       |
|     mul_32s_32s_63_1_1_U204                                                                                         | 3   |        | r_V_44              | mul  | auto    | 0       |
|     ret_V_49_fu_1805_p2                                                                                             | -   |        | ret_V_49            | sub  | fabric  | 0       |
|     mul_64s_48s_102_1_1_U207                                                                                        | 11  |        | r_V_39              | mul  | auto    | 0       |
|     flip_count_3_fu_1899_p2                                                                                         | -   |        | flip_count_3        | add  | fabric  | 0       |
|     add_ln590_fu_1883_p2                                                                                            | -   |        | add_ln590           | add  | fabric  | 0       |
|     f2_new_V_fu_1908_p2                                                                                             | -   |        | f2_new_V            | add  | fabric  | 0       |
|     add_ln840_1_fu_1914_p2                                                                                          | -   |        | add_ln840_1         | add  | fabric  | 0       |
|     grp_fu_1199_p2                                                                                                  | -   |        | add_ln444           | add  | fabric  | 0       |
|     add_ln840_2_fu_1936_p2                                                                                          | -   |        | add_ln840_2         | add  | fabric  | 0       |
|     add_ln444_1_fu_1942_p2                                                                                          | -   |        | add_ln444_1         | add  | fabric  | 0       |
|     add_ln840_3_fu_1969_p2                                                                                          | -   |        | add_ln840_3         | add  | fabric  | 0       |
|     add_ln444_2_fu_1975_p2                                                                                          | -   |        | add_ln444_2         | add  | fabric  | 0       |
|     add_ln840_4_fu_2010_p2                                                                                          | -   |        | add_ln840_4         | add  | fabric  | 0       |
|     add_ln840_fu_2039_p2                                                                                            | -   |        | add_ln840           | add  | fabric  | 0       |
|     grp_fu_1199_p2                                                                                                  | -   |        | add_ln444_3         | add  | fabric  | 0       |
|     add_ln840_5_fu_2062_p2                                                                                          | -   |        | add_ln840_5         | add  | fabric  | 0       |
|     add_ln444_4_fu_2068_p2                                                                                          | -   |        | add_ln444_4         | add  | fabric  | 0       |
|     add_ln840_6_fu_2095_p2                                                                                          | -   |        | add_ln840_6         | add  | fabric  | 0       |
|     add_ln444_5_fu_2101_p2                                                                                          | -   |        | add_ln444_5         | add  | fabric  | 0       |
|     add_ln656_fu_2131_p2                                                                                            | -   |        | add_ln656           | add  | fabric  | 0       |
|     stackSize_9_fu_2196_p2                                                                                          | -   |        | stackSize_9         | add  | fabric  | 0       |
|     stackSize_7_fu_2229_p2                                                                                          | -   |        | stackSize_7         | add  | fabric  | 0       |
|     stackSize_8_fu_2240_p2                                                                                          | -   |        | stackSize_8         | add  | fabric  | 0       |
|    + freeHalfEdge                                                                                                   | 0   |        |                     |      |         |         |
|      grp_fu_100_p0                                                                                                  | -   |        | add_ln455           | add  | fabric  | 0       |
|      add_ln452_fu_106_p2                                                                                            | -   |        | add_ln452           | add  | fabric  | 0       |
|    + assignTriangleToGrid (grp_assignTriangleToGrid_fu_1154)                                                        | 18  |        |                     |      |         |         |
|      ret_V_74_fu_366_p2                                                                                             | -   |        | ret_V_74            | add  | fabric  | 0       |
|      ret_V_fu_407_p2                                                                                                | -   |        | ret_V               | add  | fabric  | 0       |
|      mul_46s_48ns_93_1_1_U162                                                                                       | 8   |        | mul_ln1303          | mul  | auto    | 0       |
|      sub_ln1303_fu_487_p2                                                                                           | -   |        | sub_ln1303          | sub  | fabric  | 0       |
|      sub_ln1303_1_fu_520_p2                                                                                         | -   |        | sub_ln1303_1        | sub  | fabric  | 0       |
|      ret_V_75_fu_380_p2                                                                                             | -   |        | ret_V_75            | add  | fabric  | 0       |
|      ret_V_65_fu_428_p2                                                                                             | -   |        | ret_V_65            | add  | fabric  | 0       |
|      mul_46s_48ns_93_1_1_U161                                                                                       | 8   |        | mul_ln1303_1        | mul  | auto    | 0       |
|      sub_ln1303_2_fu_533_p2                                                                                         | -   |        | sub_ln1303_2        | sub  | fabric  | 0       |
|      sub_ln1303_3_fu_554_p2                                                                                         | -   |        | sub_ln1303_3        | sub  | fabric  | 0       |
|      add_ln143_fu_772_p2                                                                                            | -   |        | add_ln143           | add  | fabric  | 0       |
|      ret_V_66_fu_578_p2                                                                                             | -   |        | ret_V_66            | sub  | fabric  | 0       |
|      ret_V_68_fu_818_p2                                                                                             | -   |        | ret_V_68            | add  | fabric  | 0       |
|      add_ln145_fu_661_p2                                                                                            | -   |        | add_ln145           | add  | fabric  | 0       |
|      ret_V_70_fu_596_p2                                                                                             | -   |        | ret_V_70            | sub  | fabric  | 0       |
|      ret_V_72_fu_707_p2                                                                                             | -   |        | ret_V_72            | add  | fabric  | 0       |
|      mac_muladd_7ns_7ns_7ns_14_4_1_U165                                                                             | 1   |        | mul_ln149           | mul  | dsp48   | 3       |
|      mac_muladd_7ns_7ns_7ns_14_4_1_U165                                                                             | 1   |        | grid_idx            | add  | dsp48   | 3       |
|      mul_mul_14ns_5ns_17_4_1_U166                                                                                   | 1   |        | mul_ln241           | mul  | dsp48   | 3       |
|      add_ln242_fu_914_p2                                                                                            | -   |        | add_ln242           | add  | fabric  | 0       |
|      enhanced_grid_flat_cells_triangle_count_d0                                                                     | -   |        | add_ln243           | add  | fabric  | 0       |
|     + assignTriangleToGrid_Pipeline_VITIS_LOOP_248_1 (grp_assignTriangleToGrid_Pipeline_VITIS_LOOP_248_1_fu_269)    | 0   |        |                     |      |         |         |
|       add_ln248_fu_114_p2                                                                                           | -   |        | add_ln248           | add  | fabric  | 0       |
|       add_ln249_fu_124_p2                                                                                           | -   |        | add_ln249           | add  | fabric  | 0       |
|   + compactTriangleIndices (grp_compactTriangleIndices_fu_968)                                                      | 0   |        |                     |      |         |         |
|     add_ln502_1_fu_171_p2                                                                                           | -   |        | add_ln502_1         | add  | fabric  | 0       |
|     add_ln502_fu_182_p2                                                                                             | -   |        | add_ln502           | add  | fabric  | 0       |
|    + compactTriangleIndices_Pipeline_VITIS_LOOP_466_1 (grp_compactTriangleIndices_Pipeline_VITIS_LOOP_466_1_fu_83)  | 0   |        |                     |      |         |         |
|      add_ln840_fu_62_p2                                                                                             | -   |        | add_ln840           | add  | fabric  | 0       |
|    + compactTriangleIndices_Pipeline_VITIS_LOOP_471_2 (grp_compactTriangleIndices_Pipeline_VITIS_LOOP_471_2_fu_89)  | 0   |        |                     |      |         |         |
|      add_ln840_fu_102_p2                                                                                            | -   |        | add_ln840           | add  | fabric  | 0       |
|      new_tri_count_V_1_fu_122_p2                                                                                    | -   |        | new_tri_count_V_1   | add  | fabric  | 0       |
|    + compactTriangleIndices_Pipeline_VITIS_LOOP_479_3 (grp_compactTriangleIndices_Pipeline_VITIS_LOOP_479_3_fu_98)  | 0   |        |                     |      |         |         |
|      add_ln840_fu_166_p2                                                                                            | -   |        | add_ln840           | add  | fabric  | 0       |
|      write_ptr_V_3_fu_195_p2                                                                                        | -   |        | write_ptr_V_3       | add  | fabric  | 0       |
|    + compactTriangleIndices_Pipeline_VITIS_LOOP_490_4 (grp_compactTriangleIndices_Pipeline_VITIS_LOOP_490_4_fu_111) | 0   |        |                     |      |         |         |
|      add_ln840_fu_113_p2                                                                                            | -   |        | add_ln840           | add  | fabric  | 0       |
|    + compactTriangleIndices_Pipeline_VITIS_LOOP_506_6 (grp_compactTriangleIndices_Pipeline_VITIS_LOOP_506_6_fu_122) | 0   |        |                     |      |         |         |
|      add_ln506_fu_133_p2                                                                                            | -   |        | add_ln506           | add  | fabric  | 0       |
|      add_ln507_fu_143_p2                                                                                            | -   |        | add_ln507           | add  | fabric  | 0       |
|      write_pos_1_fu_173_p2                                                                                          | -   |        | write_pos_1         | add  | fabric  | 0       |
|      add_ln510_fu_183_p2                                                                                            | -   |        | add_ln510           | add  | fabric  | 0       |
|  + tri2d_Pipeline_VITIS_LOOP_1014_7                                                                                 | 0   |        |                     |      |         |         |
|    i_fu_173_p2                                                                                                      | -   |        | i                   | add  | fabric  | 0       |
|    output_count_1_fu_270_p2                                                                                         | -   |        | output_count_1      | add  | fabric  | 0       |
|  + tri2d_Pipeline_VITIS_LOOP_1033_8                                                                                 | 0   |        |                     |      |         |         |
|    add_ln1033_fu_139_p2                                                                                             | -   |        | add_ln1033          | add  | fabric  | 0       |
+---------------------------------------------------------------------------------------------------------------------+-----+--------+---------------------+------+---------+---------+


================================================================
== Bind Storage Report
================================================================
+----------------------------------------------------------------+------+------+--------+-----------------------------------------+---------+------+---------+
| Name                                                           | BRAM | URAM | Pragma | Variable                                | Storage | Impl | Latency |
+----------------------------------------------------------------+------+------+--------+-----------------------------------------+---------+------+---------+
| + tri2d                                                        | 379  | 0    |        |                                         |         |      |         |
|   points_with_z_index_V_U                                      | 6    | -    |        | points_with_z_index_V                   | ram_1p  | auto | 1       |
|   points_with_z_z_value_V_U                                    | 8    | -    |        | points_with_z_z_value_V                 | ram_1p  | auto | 1       |
|   con_list_V_U                                                 | 24   | -    |        | con_list_V                              | ram_1p  | auto | 1       |
|   vertex_x_V_U                                                 | 10   | -    |        | vertex_x_V                              | ram_s2p | auto | 1       |
|   vertex_y_V_U                                                 | 10   | -    |        | vertex_y_V                              | ram_s2p | auto | 1       |
|   vertex_used_V_U                                              | 1    | -    |        | vertex_used_V                           | ram_1p  | auto | 1       |
|   enhanced_grid_flat_cells_triangle_count_U                    | 8    | -    |        | enhanced_grid_flat_cells_triangle_count | ram_1p  | auto | 1       |
|   enhanced_grid_flat_cells_triangles_V_U                       | 84   | -    |        | enhanced_grid_flat_cells_triangles_V    | ram_1p  | auto | 1       |
|   face_used_V_U                                                | 1    | -    |        | face_used_V                             | ram_s2p | auto | 1       |
|   face_edge_V_U                                                | 12   | -    |        | face_edge_V                             | ram_1p  | auto | 1       |
|   he_tail_V_U                                                  | 28   | -    |        | he_tail_V                               | ram_t2p | auto | 1       |
|   he_next_V_U                                                  | 34   | -    |        | he_next_V                               | ram_t2p | auto | 1       |
|   he_twin_V_U                                                  | 34   | -    |        | he_twin_V                               | ram_t2p | auto | 1       |
|   he_used_V_U                                                  | 4    | -    |        | he_used_V                               | ram_t2p | auto | 1       |
|   he_face_V_U                                                  | 32   | -    |        | he_face_V                               | ram_t2p | auto | 1       |
|   he_prev_V_U                                                  | 34   | -    |        | he_prev_V                               | ram_t2p | auto | 1       |
|   face_prev_V_U                                                | 12   | -    |        | face_prev_V                             | ram_1p  | auto | 1       |
|   face_next_V_U                                                | 12   | -    |        | face_next_V                             | ram_1p  | auto | 1       |
|  + compactTriangleIndices (grp_compactTriangleIndices_fu_609)  | 12   | 0    |        |                                         |         |      |         |
|    index_map_V_U                                               | 12   | -    |        | index_map_V                             | ram_1p  | auto | 1       |
|  + insertSiteEnhanced                                          | 13   | 0    |        |                                         |         |      |         |
|    freeEdges_V_U                                               | 1    | -    |        | freeEdges_V                             | ram_1p  | auto | 1       |
|   + legalizeEdge                                               | 0    | 0    |        |                                         |         |      |         |
|     edgeStack_V_U                                              | -    | -    |        | edgeStack_V                             | ram_t2p | auto | 1       |
|     faceStack_V_U                                              | -    | -    |        | faceStack_V                             | ram_t2p | auto | 1       |
|   + compactTriangleIndices (grp_compactTriangleIndices_fu_968) | 12   | 0    |        |                                         |         |      |         |
|     index_map_V_U                                              | 12   | -    |        | index_map_V                             | ram_1p  | auto | 1       |
+----------------------------------------------------------------+------+------+--------+-----------------------------------------+---------+------+---------+


================================================================
== Pragma Report
================================================================
* Valid Pragma Syntax
+-----------+-------------------------+-------------------------------------------------+
| Type      | Options                 | Location                                        |
+-----------+-------------------------+-------------------------------------------------+
| inline    |                         | src1/tri2d.cpp:31 in absf                       |
| inline    |                         | src1/tri2d.cpp:87 in hilbert_xy2d               |
| pipeline  |                         | src1/tri2d.cpp:91 in hilbert_xy2d               |
| inline    |                         | src1/tri2d.cpp:114 in gettrianglevertices       |
| inline    | off                     | src1/tri2d.cpp:153 in initenhancedgrid          |
| pipeline  | II=2                    | src1/tri2d.cpp:195 in initenhancedgrid          |
| inline    |                         | src1/tri2d.cpp:203 in calculatetrianglecentroid |
| inline    | off                     | src1/tri2d.cpp:219 in assigntriangletogrid      |
| inline    | off                     | src1/tri2d.cpp:266 in locatetrianglesimple      |
| inline    |                         | src1/tri2d.cpp:329 in connecttwinedges          |
| inline    | off                     | src1/tri2d.cpp:460 in compacttriangleindices    |
| inline    | off                     | src1/tri2d.cpp:522 in legalizeedge              |
| interface | axis port=x_in_stream   | src1/tri2d.cpp:869 in tri2d, x_in_stream        |
| interface | axis port=cl_out_stream | src1/tri2d.cpp:870 in tri2d, cl_out_stream      |
| interface | ap_ctrl_hs port=return  | src1/tri2d.cpp:871 in tri2d, return             |
| pipeline  |                         | src1/tri2d.cpp:960 in tri2d                     |
| pipeline  |                         | src1/tri2d.cpp:1015 in tri2d                    |
| pipeline  | II=1                    | src1/tri2d.cpp:1034 in tri2d                    |
| inline    |                         | src1/tri2d.hpp:94 in floatpoint                 |
| inline    |                         | src1/tri2d.hpp:103 in floatpoint                |
| inline    |                         | src1/tri2d.hpp:144 in halfedge                  |
| inline    |                         | src1/tri2d.hpp:161 in face                      |
| inline    |                         | src1/tri2d.hpp:208 in enhancedgridcell          |
| inline    |                         | src1/tri2d.hpp:226 in enhancedadaptivegrid      |
+-----------+-------------------------+-------------------------------------------------+


